2025-11-18 13:01:58, MOVE, v:1, k:poo@lapiseira, mode:PICK
2025-11-18 13:02:00, EXEC, v:1, k:poo@lapiseira, mode:FULL, rate:0, size:85
2025-11-18 13:06:18, EXEC, v:1, k:poo@lapiseira, mode:FULL, rate:0, size:94
2025-11-18 13:11:47, EXEC, v:1, k:poo@lapiseira, mode:FULL, rate:0, size:91
2025-11-18 13:13:12, MOVE, v:1, k:poo@lapiseira, mode:BACK
2025-11-18 13:13:33, MOVE, v:1, k:poo@lapiseira, mode:PICK
2025-11-18 13:13:34, EXEC, v:1, k:poo@lapiseira, mode:FULL, rate:0, size:91
2025-11-18 13:13:36, EXEC, v:1, k:poo@lapiseira, mode:FULL, rate:0
2025-11-18 13:26:26, EXEC, v:1, k:poo@lapiseira, mode:FULL, rate:0, size:89
2025-11-18 13:31:17, EXEC, v:1, k:poo@lapiseira, mode:FULL, rate:0, size:104
2025-11-18 13:35:00, EXEC, v:1, k:poo@lapiseira, mode:FULL, rate:0, size:114
2025-11-18 13:35:06, MOVE, v:1, k:poo@lapiseira, mode:BACK
2025-11-18 13:35:30, MOVE, v:1, k:poo@lapiseira, mode:PICK
2025-11-18 13:35:40, MOVE, v:1, k:poo@lapiseira, mode:BACK
2025-11-18 13:36:02, MOVE, v:1, k:poo@budega, mode:PICK
2025-11-18 13:36:04, EXEC, v:1, k:poo@budega, mode:FULL, rate:100, size:117
2025-11-18 13:36:12, MOVE, v:1, k:poo@budega, mode:BACK
2025-11-18 13:42:14, MOVE, v:1, k:poo@lapiseira, mode:PICK
2025-11-18 13:42:15, EXEC, v:1, k:poo@lapiseira, mode:FULL, rate:0, size:115
2025-11-18 13:47:13, EXEC, v:1, k:poo@lapiseira, mode:FULL, rate:0, size:129
2025-11-18 13:48:16, EXEC, v:1, k:poo@lapiseira, mode:FULL, rate:0, size:132
2025-11-18 13:51:41, EXEC, v:1, k:poo@lapiseira, mode:FULL, rate:0, size:141
2025-11-18 13:51:43, EXEC, v:1, k:poo@lapiseira, mode:FULL, rate:0
2025-11-18 13:51:49, EXEC, v:1, k:poo@lapiseira, mode:FULL, rate:0, size:139
2025-11-18 13:53:09, EXEC, v:1, k:poo@lapiseira, mode:FULL, rate:0, size:139
2025-11-18 13:56:24, EXEC, v:1, k:poo@lapiseira, mode:FULL, rate:0, size:143
2025-11-18 13:56:25, EXEC, v:1, k:poo@lapiseira, mode:FULL, rate:0
2025-11-18 13:56:57, EXEC, v:1, k:poo@lapiseira, mode:FULL, rate:0, size:143
2025-11-18 13:59:01, EXEC, v:1, k:poo@lapiseira, mode:FULL, rate:0, size:146
2025-11-18 13:59:08, EXEC, v:1, k:poo@lapiseira, mode:FULL, rate:0
2025-11-18 13:59:30, MOVE, v:1, k:poo@lapiseira, mode:BACK
2025-11-18 13:59:42, MOVE, v:1, k:poo@lapiseira, mode:PICK
2025-11-18 13:59:43, EXEC, v:1, k:poo@lapiseira, mode:FULL, rate:0
2025-11-18 13:59:46, MOVE, v:1, k:poo@lapiseira, mode:BACK
